Nothing to build in platform 'platform'

14:55:01 **** Build of configuration Debug for project application2 ****
make all 
make --no-print-directory pre-build
a9-linaro-pre-build-step
' '
make --no-print-directory main-build
'Building file: ../src/helloworld.c'
'Invoking: ARM v7 gcc compiler'
arm-none-eabi-gcc -Wall -O0 -g3 -c -fmessage-length=0 -MT"src/helloworld.o" -mcpu=cortex-a9 -mfpu=vfpv3 -mfloat-abi=hard -IC:/Users/ap576391/Documents/Hermann/ESP32_com_vitis/platform/export/platform/sw/platform/domain/bspinclude/include -MMD -MP -MF"src/helloworld.d" -MT"src/helloworld.o" -o "src/helloworld.o" "../src/helloworld.c"
'Finished building: ../src/helloworld.c'
' '
'Building file: ../src/platform.c'
'Invoking: ARM v7 gcc compiler'
arm-none-eabi-gcc -Wall -O0 -g3 -c -fmessage-length=0 -MT"src/platform.o" -mcpu=cortex-a9 -mfpu=vfpv3 -mfloat-abi=hard -IC:/Users/ap576391/Documents/Hermann/ESP32_com_vitis/platform/export/platform/sw/platform/domain/bspinclude/include -MMD -MP -MF"src/platform.d" -MT"src/platform.o" -o "src/platform.o" "../src/platform.c"
'Finished building: ../src/platform.c'
' '
'Building target: application2.elf'
'Invoking: ARM v7 gcc linker'
arm-none-eabi-gcc -mcpu=cortex-a9 -mfpu=vfpv3 -mfloat-abi=hard -Wl,-build-id=none -specs=Xilinx.spec -Wl,-T -Wl,../src/lscript.ld -LC:/Users/ap576391/Documents/Hermann/ESP32_com_vitis/platform/export/platform/sw/platform/domain/bsplib/lib -o "application2.elf"  ./src/helloworld.o ./src/platform.o   -Wl,--start-group,-lxil,-lgcc,-lc,--end-group
'Finished building target: application2.elf'
' '
'Invoking: ARM v7 Print Size'
arm-none-eabi-size application2.elf  |tee "application2.elf.size"
   text	   data	    bss	    dec	    hex	filename
  19064	   1144	  22568	  42776	   a718	application2.elf
'Finished building: application2.elf.size'
' '
14:55:03 **** Build of configuration Debug for project application2_system ****
make all 
Generating bif file for the system project
generate_system_bif.bat 50403 C:/Users/ap576391/Documents/Hermann/ESP32_com_vitis/platform/export/platform/platform.xpfm domain C:/Users/ap576391/Documents/Hermann/ESP32_com_vitis/application2_system/Debug/system.bif
sdcard_gen --xpfm C:/Users/ap576391/Documents/Hermann/ESP32_com_vitis/platform/export/platform/platform.xpfm --sys_config platform --bif C:/Users/ap576391/Documents/Hermann/ESP32_com_vitis/application2_system/Debug/system.bif --bitstream C:/Users/ap576391/Documents/Hermann/ESP32_com_vitis/application2/_ide/bitstream/systeme_wrapper.bit --elf C:/Users/ap576391/Documents/Hermann/ESP32_com_vitis/application2/Debug/application2.elf,ps7_cortexa9_0
creating BOOT.BIN using C:/Users/ap576391/Documents/Hermann/ESP32_com_vitis/application2/_ide/bitstream/systeme_wrapper.bit
Running C:/Xilinx/Vitis/2019.2/bin/bootgen  -image C:/Users/ap576391/Documents/Hermann/ESP32_com_vitis/application2_system/Debug/sd_card_temp/boot.bif -w -o i BOOT.BIN
